CamSure Phase 4 RTP/H.264 counter receiver
Listening on 0.0.0.0:5018 (IPv4 UDP)
Requested OS receive buffer: 1048576 bytes; application access-unit reassembly: 2 MiB / 500 ms
Profile: RTP PT=96, H.264 packetization-mode=1, 90 kHz clock, RFC 8285 profile 0xBEDE
DNS-SD: advertising 'CamSure Receiver DEYB' as _camsure-rtp._udp.local.
DNS-SD IPv4 interfaces: 192.168.0.146; media endpoint UDP 5018; mDNS UDP 5353
If discovery is blocked, allow this receiver on the Windows Private network and check that AP multicast/client isolation is disabled.
Encoded AU bridge: camsure-test-video
t=00:00:01 | packets=215/215 (16610 bytes) | AUs complete=15, IDR=1, incomplete=0 | gaps=0, out-of-order=0, bad-packets=0, oversized-datagrams=0, unsupported=0 | PTS-map-mismatch=0, nonmonotonic-PTS=0, key-flag-mismatch=0 | config-AUs=1, AUs-without-SPS/PPS=0 | reassembly-depth=1/1, bytes=31/2097152, age=4 ms/500 ms, high-water=6722 bytes/2 ms | SSRC=1, restarts=0
bridge written=15, dropped=0, connections/errors=0, AU-depth=0/4, bytes=0/4194304, current-age=0ms, max-depth=1, max-age=16ms, reconstruction-to-write-max=16288us
t=00:00:02 | packets=654/654 (49859 bytes) | AUs complete=45, IDR=3, incomplete=1 | gaps=1, out-of-order=0, bad-packets=0, oversized-datagrams=0, unsupported=0 | PTS-map-mismatch=0, nonmonotonic-PTS=0, key-flag-mismatch=0 | config-AUs=3, AUs-without-SPS/PPS=0 | reassembly-depth=1/1, bytes=31/2097152, age=0 ms/500 ms, high-water=6722 bytes/5 ms | SSRC=1, restarts=0
bridge written=45, dropped=0, connections/errors=0, AU-depth=0/4, bytes=0/4194304, current-age=0ms, max-depth=1, max-age=16ms, reconstruction-to-write-max=16311us
t=00:00:03 | packets=1094/1094 (83155 bytes) | AUs complete=75, IDR=5, incomplete=2 | gaps=1, out-of-order=0, bad-packets=0, oversized-datagrams=0, unsupported=0 | PTS-map-mismatch=0, nonmonotonic-PTS=0, key-flag-mismatch=0 | config-AUs=5, AUs-without-SPS/PPS=0 | reassembly-depth=1/1, bytes=31/2097152, age=0 ms/500 ms, high-water=6722 bytes/9 ms | SSRC=1, restarts=0
bridge written=57, dropped=18, connections/errors=0, AU-depth=0/4, bytes=0/4194304, current-age=0ms, max-depth=1, max-age=16ms, reconstruction-to-write-max=16492us
t=00:00:04 | packets=1487/1487 (107689 bytes) | AUs complete=103, IDR=6, incomplete=2 | gaps=1, out-of-order=0, bad-packets=0, oversized-datagrams=0, unsupported=0 | PTS-map-mismatch=0, nonmonotonic-PTS=0, key-flag-mismatch=0 | config-AUs=6, AUs-without-SPS/PPS=0 | reassembly-depth=0/1, bytes=0/2097152, age=0 ms/500 ms, high-water=6722 bytes/9 ms | SSRC=1, restarts=0
bridge written=85, dropped=18, connections/errors=0, AU-depth=0/4, bytes=0/4194304, current-age=0ms, max-depth=1, max-age=16ms, reconstruction-to-write-max=16492us
t=00:00:05 | packets=1487/1487 (107689 bytes) | AUs complete=103, IDR=6, incomplete=2 | gaps=1, out-of-order=0, bad-packets=0, oversized-datagrams=0, unsupported=0 | PTS-map-mismatch=0, nonmonotonic-PTS=0, key-flag-mismatch=0 | config-AUs=6, AUs-without-SPS/PPS=0 | reassembly-depth=0/1, bytes=0/2097152, age=0 ms/500 ms, high-water=6722 bytes/9 ms | SSRC=1, restarts=0
bridge written=85, dropped=18, connections/errors=0, AU-depth=0/4, bytes=0/4194304, current-age=0ms, max-depth=1, max-age=16ms, reconstruction-to-write-max=16492us
t=00:00:06 | packets=1660/1660 (122337 bytes) | AUs complete=115, IDR=7, incomplete=2 | gaps=1, out-of-order=0, bad-packets=0, oversized-datagrams=0, unsupported=0 | PTS-map-mismatch=0, nonmonotonic-PTS=0, key-flag-mismatch=0 | config-AUs=7, AUs-without-SPS/PPS=0 | reassembly-depth=1/1, bytes=31/2097152, age=0 ms/500 ms, high-water=6722 bytes/9 ms | SSRC=2, restarts=1
bridge written=85, dropped=29, connections/errors=1, AU-depth=0/4, bytes=0/4194304, current-age=0ms, max-depth=1, max-age=16ms, reconstruction-to-write-max=16492us
t=00:00:07 | packets=2100/2100 (155633 bytes) | AUs complete=146, IDR=9, incomplete=2 | gaps=1, out-of-order=0, bad-packets=0, oversized-datagrams=0, unsupported=0 | PTS-map-mismatch=0, nonmonotonic-PTS=0, key-flag-mismatch=0 | config-AUs=9, AUs-without-SPS/PPS=0 | reassembly-depth=1/1, bytes=31/2097152, age=0 ms/500 ms, high-water=6722 bytes/9 ms | SSRC=2, restarts=1
bridge written=98, dropped=47, connections/errors=1, AU-depth=0/4, bytes=0/4194304, current-age=0ms, max-depth=1, max-age=16ms, reconstruction-to-write-max=16761us
t=00:00:08 | packets=2540/2540 (188929 bytes) | AUs complete=177, IDR=11, incomplete=2 | gaps=1, out-of-order=0, bad-packets=0, oversized-datagrams=0, unsupported=0 | PTS-map-mismatch=0, nonmonotonic-PTS=0, key-flag-mismatch=0 | config-AUs=11, AUs-without-SPS/PPS=0 | reassembly-depth=1/1, bytes=31/2097152, age=0 ms/500 ms, high-water=6722 bytes/9 ms | SSRC=2, restarts=1
bridge written=129, dropped=47, connections/errors=1, AU-depth=0/4, bytes=0/4194304, current-age=0ms, max-depth=1, max-age=16ms, reconstruction-to-write-max=16761us
t=00:00:09 | packets=2962/2962 (214834 bytes) | AUs complete=207, IDR=12, incomplete=2 | gaps=1, out-of-order=0, bad-packets=0, oversized-datagrams=0, unsupported=0 | PTS-map-mismatch=0, nonmonotonic-PTS=0, key-flag-mismatch=0 | config-AUs=12, AUs-without-SPS/PPS=0 | reassembly-depth=1/1, bytes=31/2097152, age=0 ms/500 ms, high-water=6722 bytes/9 ms | SSRC=2, restarts=1
bridge written=159, dropped=47, connections/errors=1, AU-depth=0/4, bytes=0/4194304, current-age=0ms, max-depth=1, max-age=16ms, reconstruction-to-write-max=16761us
t=00:00:10 | packets=2975/2975 (215425 bytes) | AUs complete=208, IDR=12, incomplete=2 | gaps=1, out-of-order=0, bad-packets=0, oversized-datagrams=0, unsupported=0 | PTS-map-mismatch=0, nonmonotonic-PTS=0, key-flag-mismatch=0 | config-AUs=12, AUs-without-SPS/PPS=0 | reassembly-depth=0/1, bytes=0/2097152, age=0 ms/500 ms, high-water=6722 bytes/9 ms | SSRC=2, restarts=1
bridge written=160, dropped=47, connections/errors=1, AU-depth=0/4, bytes=0/4194304, current-age=0ms, max-depth=1, max-age=16ms, reconstruction-to-write-max=16761us
t=00:00:11 | packets=2975/2975 (215425 bytes) | AUs complete=208, IDR=12, incomplete=2 | gaps=1, out-of-order=0, bad-packets=0, oversized-datagrams=0, unsupported=0 | PTS-map-mismatch=0, nonmonotonic-PTS=0, key-flag-mismatch=0 | config-AUs=12, AUs-without-SPS/PPS=0 | reassembly-depth=0/1, bytes=0/2097152, age=0 ms/500 ms, high-water=6722 bytes/9 ms | SSRC=2, restarts=1
bridge written=160, dropped=47, connections/errors=1, AU-depth=0/4, bytes=0/4194304, current-age=0ms, max-depth=1, max-age=16ms, reconstruction-to-write-max=16761us
Final counters:
t=00:00:12 | packets=2975/2975 (215425 bytes) | AUs complete=208, IDR=12, incomplete=2 | gaps=1, out-of-order=0, bad-packets=0, oversized-datagrams=0, unsupported=0 | PTS-map-mismatch=0, nonmonotonic-PTS=0, key-flag-mismatch=0 | config-AUs=12, AUs-without-SPS/PPS=0 | reassembly-depth=0/1, bytes=0/2097152, age=0 ms/500 ms, high-water=6722 bytes/9 ms | SSRC=2, restarts=1
bridge written=160, dropped=47, connections/errors=1, AU-depth=0/4, bytes=0/4194304, current-age=0ms, max-depth=1, max-age=16ms, reconstruction-to-write-max=16761us
